### jps
```aidl
13081 /home/datastar/datastar-kafka-manager/datastar-kafka-manager-1.0-SNAPSHOT.jar --spring.profiles.active=common,prod -Xms4g -Xmx4g -Dfile.encoding=UTF-8 -Djava.io.tmpdir=/home/datastar/tmp

```

### jinfo
```aidl
VM Flags:
Non-default VM flags: -XX:CICompilerCount=4 -XX:InitialHeapSize=4294967296 -XX:MaxHeapSize=4294967296 -XX:MaxNewSize=1431306240 -XX:MinHeapDeltaBytes=524288 -XX:NewSize=1431306240 -XX:OldSize=2863661056 -XX:+UseCompressedClassPointers -XX:+UseCompressedOops -XX:+UseParallelGC
Command line:  -Xms4g -Xmx4g -Dfile.encoding=UTF-8 -Djava.io.tmpdir=/home/datastar/tmp

```


### jstack

显示没有死锁

### jmap

```aidl
 num     #instances         #bytes  class name
----------------------------------------------
   1:          9770     4122741064  [B
   2:        109947       14610168  [C
   3:         83561        2673952  java.util.concurrent.ConcurrentHashMap$Node
   4:         30143        2652584  java.lang.reflect.Method
   5:        108307        2599368  java.lang.String
   6:         15595        1735408  java.lang.Class
   7:          6871        1230064  [I
   8:         25142        1005680  java.util.LinkedHashMap$Entry
   9:         19032         970440  [Ljava.lang.Object;
  10:         16204         777792  org.aspectj.weaver.reflect.ShadowMatchImpl
  11:         47095         753520  java.lang.Object
  12:           525         693160  [Ljava.util.concurrent.ConcurrentHashMap$Node;
  13:          8318         688536  [Ljava.util.HashMap$Node;
  14:         19938         638016  java.util.HashMap$Node
  15:         18003         576096  java.lang.ref.WeakReference
  16:         16204         518528  org.aspectj.weaver.patterns.ExposedState
  17:          9089         508984  java.util.LinkedHashMap
  18:          3648         408576  org.springframework.boot.loader.jar.JarEntry
  19:          9183         367320  java.lang.ref.SoftReference
  20:         16867         362328  [Ljava.lang.Class;
  21:          8145         297048  [Ljava.lang.String;
  22:         12244         293856  org.springframework.core.MethodClassKey
  23:         11198         268752  java.util.ArrayList
  24:             8         262272  [Ljava.util.concurrent.ForkJoinTask;
  25:          3117         249360  java.lang.reflect.Constructor
  26:          9109         218616  java.beans.MethodRef
  27:          4467         214416  java.util.HashMap
  28:          1506         204816  org.apache.tomcat.util.net.NioEndpoint$NioSocketWrapper
  29:          3405         190680  java.beans.MethodDescriptor
  30:          1511         169232  sun.nio.ch.SocketChannelImpl
  31:          3213         154224  java.nio.HeapByteBuffer
  32:          1297         124512  org.springframework.beans.GenericTypeAwarePropertyDescriptor
  33:          3831         122592  java.util.Hashtable$Entry
  34:          3731         119392  java.util.LinkedList
  35:          1555         111960  java.beans.PropertyDescriptor
  36:          3046          97472  java.util.concurrent.locks.ReentrantLock$NonfairSync
```
```aidl
using thread-local object allocation.
Parallel GC with 8 thread(s)

Heap Configuration:
   MinHeapFreeRatio         = 0
   MaxHeapFreeRatio         = 100
   MaxHeapSize              = 4294967296 (4096.0MB)
   NewSize                  = 1431306240 (1365.0MB)
   MaxNewSize               = 1431306240 (1365.0MB)
   OldSize                  = 2863661056 (2731.0MB)
   NewRatio                 = 2
   SurvivorRatio            = 8
   MetaspaceSize            = 21807104 (20.796875MB)
   CompressedClassSpaceSize = 1073741824 (1024.0MB)
   MaxMetaspaceSize         = 17592186044415 MB
   G1HeapRegionSize         = 0 (0.0MB)

Heap Usage:
PS Young Generation
Eden Space:
   capacity = 1360527360 (1297.5MB)
   used     = 1360394984 (1297.3737564086914MB)
   free     = 132376 (0.12624359130859375MB)
   99.99027024344443% used
From Space:
   capacity = 35127296 (33.5MB)
   used     = 0 (0.0MB)
   free     = 35127296 (33.5MB)
   0.0% used
To Space:
   capacity = 34078720 (32.5MB)
   used     = 0 (0.0MB)
   free     = 34078720 (32.5MB)
   0.0% used
PS Old Generation
   capacity = 2863661056 (2731.0MB)
   used     = 2806128808 (2676.132972717285MB)
   free     = 57532248 (54.867027282714844MB)
   97.99095469488411% used

37789 interned Strings occupying 4426960 bytes.
```

#jstat
```aidl
  S0     S1     E      O      M     CCS    YGC     YGCT    FGC    FGCT     GCT
  0.00   0.00 100.00  97.99  96.21  94.42     47    2.926 48832 7574.209 7577.134
  0.00   0.00 100.00  97.99  96.21  94.42     47    2.926 48832 7574.209 7577.134
  0.00   0.00 100.00  97.99  96.21  94.42     47    2.926 48832 7574.209 7577.134
  0.00   0.00 100.00  97.99  96.21  94.42     47    2.926 48832 7574.209 7577.134
  0.00   0.00 100.00  97.99  96.21  94.42     47    2.926 48832 7574.209 7577.134
  0.00   0.00 100.00  97.99  96.21  94.42     47    2.926 48832 7574.209 7577.134
  0.00   0.00 100.00  97.99  96.21  94.42     47    2.926 48832 7574.209 7577.134
```