##128M
```
java -XX:+PrintGC -XX:+PrintGCDateStamps -Xmx128m -Xms128m -XX:+UseG1GC GCLogAnalysis
正在执行...
2020-10-23T22:04:11.425-0800: [GC pause (G1 Evacuation Pause) (young) 16M->6921K(128M), 0.0094613 secs]
2020-10-23T22:04:11.449-0800: [GC pause (G1 Evacuation Pause) (young) 26M->14M(128M), 0.0137269 secs]
2020-10-23T22:04:11.485-0800: [GC pause (G1 Evacuation Pause) (young) 51M->29M(128M), 0.0045900 secs]
2020-10-23T22:04:11.505-0800: [GC pause (G1 Evacuation Pause) (young) 71M->43M(128M), 0.0077050 secs]
2020-10-23T22:04:11.523-0800: [GC pause (G1 Humongous Allocation) (young) (initial-mark) 80M->58M(128M), 0.0070961 secs]
2020-10-23T22:04:11.530-0800: [GC concurrent-root-region-scan-start]
2020-10-23T22:04:11.531-0800: [GC concurrent-root-region-scan-end, 0.0005582 secs]
2020-10-23T22:04:11.531-0800: [GC concurrent-mark-start]
2020-10-23T22:04:11.533-0800: [GC concurrent-mark-end, 0.0019486 secs]
2020-10-23T22:04:11.533-0800: [GC remark, 0.0016737 secs]
2020-10-23T22:04:11.535-0800: [GC cleanup 65M->65M(128M), 0.0002897 secs]
2020-10-23T22:04:11.551-0800: [GC pause (G1 Evacuation Pause) (young)-- 102M->94M(128M), 0.0029260 secs]
2020-10-23T22:04:11.555-0800: [GC pause (G1 Evacuation Pause) (young) 99M->95M(128M), 0.0019678 secs]
2020-10-23T22:04:11.557-0800: [GC pause (G1 Humongous Allocation) (young) (initial-mark) 97M->96M(128M), 0.0008224 secs]
2020-10-23T22:04:11.558-0800: [GC concurrent-root-region-scan-start]
2020-10-23T22:04:11.558-0800: [GC concurrent-root-region-scan-end, 0.0001575 secs]
2020-10-23T22:04:11.558-0800: [GC concurrent-mark-start]
2020-10-23T22:04:11.559-0800: [GC concurrent-mark-end, 0.0011328 secs]
2020-10-23T22:04:11.559-0800: [GC remark, 0.0017054 secs]
2020-10-23T22:04:11.562-0800: [GC pause (G1 Evacuation Pause) (young) 105M->99M(128M), 0.0026769 secs]
2020-10-23T22:04:11.564-0800: [GC cleanup 100M->100M(128M), 0.0003874 secs]
2020-10-23T22:04:11.567-0800: [GC pause (G1 Evacuation Pause) (young) 106M->100M(128M), 0.0009479 secs]
2020-10-23T22:04:11.569-0800: [GC pause (G1 Evacuation Pause) (mixed)-- 110M->106M(128M), 0.0014290 secs]
2020-10-23T22:04:11.572-0800: [GC pause (G1 Evacuation Pause) (mixed)-- 113M->110M(128M), 0.0007162 secs]
2020-10-23T22:04:11.574-0800: [GC pause (G1 Evacuation Pause) (mixed)-- 113M->113M(128M), 0.0013651 secs]
2020-10-23T22:04:11.575-0800: [Full GC (Allocation Failure) 113M->74M(128M), 0.0111495 secs]
2020-10-23T22:04:11.588-0800: [GC pause (G1 Humongous Allocation) (young) (initial-mark) 79M->75M(128M), 0.0019916 secs]
2020-10-23T22:04:11.590-0800: [GC concurrent-root-region-scan-start]
2020-10-23T22:04:11.590-0800: [GC concurrent-root-region-scan-end, 0.0000824 secs]
2020-10-23T22:04:11.590-0800: [GC concurrent-mark-start]
2020-10-23T22:04:11.591-0800: [GC concurrent-mark-end, 0.0013943 secs]
2020-10-23T22:04:11.592-0800: [GC remark, 0.0015031 secs]
2020-10-23T22:04:11.593-0800: [GC cleanup 85M->85M(128M), 0.0003342 secs]
2020-10-23T22:04:11.595-0800: [GC pause (G1 Evacuation Pause) (young) 92M->80M(128M), 0.0019265 secs]
2020-10-23T22:04:11.597-0800: [GC pause (G1 Humongous Allocation) (young) (initial-mark) 81M->80M(128M), 0.0009138 secs]
2020-10-23T22:04:11.598-0800: [GC concurrent-root-region-scan-start]
2020-10-23T22:04:11.598-0800: [GC concurrent-root-region-scan-end, 0.0001954 secs]
2020-10-23T22:04:11.598-0800: [GC concurrent-mark-start]
2020-10-23T22:04:11.599-0800: [GC concurrent-mark-end, 0.0008334 secs]
2020-10-23T22:04:11.599-0800: [GC remark, 0.0008764 secs]
2020-10-23T22:04:11.600-0800: [GC cleanup 85M->85M(128M), 0.0002597 secs]
2020-10-23T22:04:11.602-0800: [GC pause (G1 Evacuation Pause) (young) 92M->85M(128M), 0.0012257 secs]
2020-10-23T22:04:11.604-0800: [GC pause (G1 Evacuation Pause) (young) 91M->85M(128M), 0.0008049 secs]
2020-10-23T22:04:11.606-0800: [GC pause (G1 Humongous Allocation) (young) (initial-mark) 89M->87M(128M), 0.0007014 secs]
2020-10-23T22:04:11.606-0800: [GC concurrent-root-region-scan-start]
2020-10-23T22:04:11.606-0800: [GC concurrent-root-region-scan-end, 0.0000875 secs]
2020-10-23T22:04:11.606-0800: [GC concurrent-mark-start]
2020-10-23T22:04:11.607-0800: [GC concurrent-mark-end, 0.0006767 secs]
2020-10-23T22:04:11.607-0800: [GC remark, 0.0019252 secs]
2020-10-23T22:04:11.609-0800: [GC cleanup 93M->93M(128M), 0.0005409 secs]
2020-10-23T22:04:11.611-0800: [GC pause (G1 Evacuation Pause) (young) 95M->90M(128M), 0.0013830 secs]
2020-10-23T22:04:11.612-0800: [GC pause (G1 Humongous Allocation) (young) (initial-mark) 91M->90M(128M), 0.0013976 secs]
2020-10-23T22:04:11.614-0800: [GC concurrent-root-region-scan-start]
2020-10-23T22:04:11.614-0800: [GC concurrent-root-region-scan-end, 0.0000911 secs]
2020-10-23T22:04:11.614-0800: [GC concurrent-mark-start]
2020-10-23T22:04:11.615-0800: [GC concurrent-mark-end, 0.0009009 secs]
2020-10-23T22:04:11.615-0800: [GC remark, 0.0015040 secs]
2020-10-23T22:04:11.616-0800: [GC cleanup 95M->95M(128M), 0.0002633 secs]
2020-10-23T22:04:11.617-0800: [GC pause (G1 Evacuation Pause) (young) 96M->93M(128M), 0.0012102 secs]
2020-10-23T22:04:11.619-0800: [GC pause (G1 Humongous Allocation) (young) (initial-mark) 95M->93M(128M), 0.0011110 secs]
2020-10-23T22:04:11.620-0800: [GC concurrent-root-region-scan-start]
2020-10-23T22:04:11.620-0800: [GC concurrent-root-region-scan-end, 0.0000364 secs]
2020-10-23T22:04:11.620-0800: [GC concurrent-mark-start]
2020-10-23T22:04:11.621-0800: [GC pause (G1 Evacuation Pause) (young) 100M->97M(128M), 0.0017544 secs]
2020-10-23T22:04:11.623-0800: [GC concurrent-mark-end, 0.0027892 secs]
2020-10-23T22:04:11.623-0800: [GC remark, 0.0008299 secs]
2020-10-23T22:04:11.624-0800: [GC cleanup 100M->100M(128M), 0.0002186 secs]
2020-10-23T22:04:11.624-0800: [GC pause (G1 Evacuation Pause) (young)-- 103M->103M(128M), 0.0027754 secs]
2020-10-23T22:04:11.628-0800: [GC pause (G1 Evacuation Pause) (mixed)-- 105M->105M(128M), 0.0009299 secs]
2020-10-23T22:04:11.629-0800: [Full GC (Allocation Failure) 105M->95M(128M), 0.0099012 secs]
2020-10-23T22:04:11.639-0800: [GC pause (G1 Humongous Allocation) (young) (initial-mark) 96M->96M(128M), 0.0004708 secs]
2020-10-23T22:04:11.640-0800: [GC concurrent-root-region-scan-start]
2020-10-23T22:04:11.640-0800: [GC concurrent-root-region-scan-end, 0.0000808 secs]
2020-10-23T22:04:11.640-0800: [GC concurrent-mark-start]
2020-10-23T22:04:11.640-0800: [GC pause (G1 Evacuation Pause) (young)-- 101M->99M(128M), 0.0014653 secs]
2020-10-23T22:04:11.642-0800: [GC concurrent-mark-end, 0.0024672 secs]
2020-10-23T22:04:11.642-0800: [GC remark, 0.0020817 secs]
2020-10-23T22:04:11.644-0800: [GC cleanup 99M->99M(128M), 0.0002952 secs]
2020-10-23T22:04:11.646-0800: [GC pause (G1 Evacuation Pause) (young)-- 102M->102M(128M), 0.0018469 secs]
2020-10-23T22:04:11.648-0800: [Full GC (Allocation Failure) 102M->96M(128M), 0.0094715 secs]
2020-10-23T22:04:11.659-0800: [GC pause (G1 Humongous Allocation) (young) (initial-mark)-- 102M->102M(128M), 0.0014256 secs]
2020-10-23T22:04:11.660-0800: [GC concurrent-root-region-scan-start]
2020-10-23T22:04:11.660-0800: [GC concurrent-root-region-scan-end, 0.0000192 secs]
2020-10-23T22:04:11.660-0800: [GC concurrent-mark-start]
2020-10-23T22:04:11.660-0800: [GC pause (G1 Humongous Allocation) (young) 102M->102M(128M), 0.0003674 secs]
2020-10-23T22:04:11.661-0800: [Full GC (Allocation Failure) 102M->98M(128M), 0.0029606 secs]
2020-10-23T22:04:11.664-0800: [GC concurrent-mark-abort]
2020-10-23T22:04:11.664-0800: [GC pause (G1 Humongous Allocation) (young) (initial-mark) 99M->98M(128M), 0.0006000 secs]
2020-10-23T22:04:11.665-0800: [GC concurrent-root-region-scan-start]
2020-10-23T22:04:11.665-0800: [GC concurrent-root-region-scan-end, 0.0000388 secs]
2020-10-23T22:04:11.665-0800: [GC concurrent-mark-start]
2020-10-23T22:04:11.666-0800: [GC concurrent-mark-end, 0.0008695 secs]
2020-10-23T22:04:11.666-0800: [GC remark, 0.0008654 secs]
2020-10-23T22:04:11.667-0800: [GC cleanup 101M->101M(128M), 0.0002947 secs]
2020-10-23T22:04:11.667-0800: [GC pause (G1 Evacuation Pause) (young)-- 102M->102M(128M), 0.0005455 secs]
2020-10-23T22:04:11.668-0800: [Full GC (Allocation Failure) 102M->99M(128M), 0.0041989 secs]
2020-10-23T22:04:11.672-0800: [GC pause (G1 Humongous Allocation) (young) (initial-mark) 99M->99M(128M), 0.0005249 secs]
2020-10-23T22:04:11.673-0800: [GC concurrent-root-region-scan-start]
2020-10-23T22:04:11.673-0800: [GC concurrent-root-region-scan-end, 0.0000256 secs]
2020-10-23T22:04:11.673-0800: [GC concurrent-mark-start]
2020-10-23T22:04:11.673-0800: [GC pause (G1 Humongous Allocation) (young)-- 101M->101M(128M), 0.0004969 secs]
2020-10-23T22:04:11.674-0800: [GC pause (G1 Evacuation Pause) (young) 101M->101M(128M), 0.0022080 secs]
2020-10-23T22:04:11.677-0800: [GC pause (G1 Evacuation Pause) (young) 101M->101M(128M), 0.0009725 secs]
2020-10-23T22:04:11.678-0800: [Full GC (Allocation Failure) 101M->100M(128M), 0.0022599 secs]
2020-10-23T22:04:11.680-0800: [GC concurrent-mark-abort]
2020-10-23T22:04:11.680-0800: [GC pause (G1 Humongous Allocation) (young) (initial-mark) 100M->100M(128M), 0.0012758 secs]
2020-10-23T22:04:11.681-0800: [GC concurrent-root-region-scan-start]
2020-10-23T22:04:11.681-0800: [GC concurrent-root-region-scan-end, 0.0000214 secs]
2020-10-23T22:04:11.681-0800: [GC concurrent-mark-start]
2020-10-23T22:04:11.682-0800: [GC pause (G1 Evacuation Pause) (young) 101M->100M(128M), 0.0016704 secs]
2020-10-23T22:04:11.684-0800: [GC pause (G1 Evacuation Pause) (young)-- 101M->101M(128M), 0.0004542 secs]
2020-10-23T22:04:11.684-0800: [Full GC (Allocation Failure) 101M->100M(128M), 0.0022537 secs]
2020-10-23T22:04:11.687-0800: [GC concurrent-mark-abort]
2020-10-23T22:04:11.687-0800: [GC pause (G1 Humongous Allocation) (young) (initial-mark)-- 101M->101M(128M), 0.0008835 secs]
2020-10-23T22:04:11.688-0800: [GC concurrent-root-region-scan-start]
2020-10-23T22:04:11.688-0800: [GC concurrent-root-region-scan-end, 0.0000226 secs]
2020-10-23T22:04:11.688-0800: [GC concurrent-mark-start]
2020-10-23T22:04:11.688-0800: [GC pause (G1 Humongous Allocation) (young) 101M->101M(128M), 0.0003380 secs]
2020-10-23T22:04:11.688-0800: [Full GC (Allocation Failure) 101M->101M(128M), 0.0017281 secs]
2020-10-23T22:04:11.690-0800: [Full GC (Allocation Failure) 101M->101M(128M), 0.0019293 secs]
2020-10-23T22:04:11.692-0800: [GC concurrent-mark-abort]
2020-10-23T22:04:11.692-0800: [GC pause (G1 Evacuation Pause) (young) 101M->101M(128M), 0.0013817 secs]
2020-10-23T22:04:11.694-0800: [GC pause (G1 Evacuation Pause) (young) (initial-mark) 101M->101M(128M), 0.0028040 secs]
2020-10-23T22:04:11.697-0800: [GC concurrent-root-region-scan-start]
2020-10-23T22:04:11.697-0800: [GC concurrent-root-region-scan-end, 0.0000591 secs]
2020-10-23T22:04:11.697-0800: [GC concurrent-mark-start]
2020-10-23T22:04:11.697-0800: [Full GC (Allocation Failure) 101M->268K(128M), 0.0026332 secs]
2020-10-23T22:04:11.700-0800: [GC concurrent-mark-abort]
Exception in thread "main" java.lang.OutOfMemoryError: Java heap space
 at GCLogAnalysis.generateGarbage(GCLogAnalysis.java:47)
 at GCLogAnalysis.main(GCLogAnalysis.java:24)
```

###512M
```
java -XX:+PrintGC -XX:+PrintGCDateStamps -Xmx512m -Xms512m -XX:+UseG1GC GCLogAnalysis
正在执行...
#纯年轻代模式转移暂停
2020-10-23T22:05:17.413-0800: [GC pause (G1 Evacuation Pause) (young) 31M->12M(512M), 0.0273152 secs]
2020-10-23T22:05:17.451-0800: [GC pause (G1 Evacuation Pause) (young) 39M->20M(512M), 0.0041870 secs]
2020-10-23T22:05:17.467-0800: [GC pause (G1 Evacuation Pause) (young) 43M->28M(512M), 0.0023509 secs]
2020-10-23T22:05:17.507-0800: [GC pause (G1 Evacuation Pause) (young) 94M->51M(512M), 0.0084223 secs]
2020-10-23T22:05:17.534-0800: [GC pause (G1 Evacuation Pause) (young) 115M->75M(512M), 0.0081236 secs]
2020-10-23T22:05:17.571-0800: [GC pause (G1 Evacuation Pause) (young) 150M->104M(512M), 0.0103812 secs]
2020-10-23T22:05:17.607-0800: [GC pause (G1 Evacuation Pause) (young) 192M->130M(512M), 0.0096478 secs]
2020-10-23T22:05:17.652-0800: [GC pause (G1 Evacuation Pause) (young) 240M->159M(512M), 0.0134985 secs]
2020-10-23T22:05:17.707-0800: [GC pause (G1 Evacuation Pause) (young) 303M->200M(512M), 0.0169936 secs]
2020-10-23T22:05:17.734-0800: [GC pause (G1 Humongous Allocation) (young) (initial-mark) 259M->220M(512M), 0.0082131 secs]
2020-10-23T22:05:17.743-0800: [GC concurrent-root-region-scan-start]
2020-10-23T22:05:17.743-0800: [GC concurrent-root-region-scan-end, 0.0005986 secs]
2020-10-23T22:05:17.743-0800: [GC concurrent-mark-start]
2020-10-23T22:05:17.747-0800: [GC concurrent-mark-end, 0.0038407 secs]
2020-10-23T22:05:17.747-0800: [GC remark, 0.0024468 secs]
2020-10-23T22:05:17.750-0800: [GC cleanup 230M->230M(512M), 0.0005725 secs]
2020-10-23T22:05:17.819-0800: [GC pause (G1 Evacuation Pause) (young)-- 422M->364M(512M), 0.0149857 secs]
2020-10-23T22:05:17.835-0800: [GC pause (G1 Evacuation Pause) (mixed) 369M->351M(512M), 0.0054455 secs]
2020-10-23T22:05:17.841-0800: [GC pause (G1 Humongous Allocation) (young) (initial-mark) 354M->352M(512M), 0.0039296 secs]
2020-10-23T22:05:17.846-0800: [GC concurrent-root-region-scan-start]
2020-10-23T22:05:17.846-0800: [GC concurrent-root-region-scan-end, 0.0002179 secs]
2020-10-23T22:05:17.846-0800: [GC concurrent-mark-start]
2020-10-23T22:05:17.849-0800: [GC concurrent-mark-end, 0.0027527 secs]
2020-10-23T22:05:17.849-0800: [GC remark, 0.0016444 secs]
2020-10-23T22:05:17.850-0800: [GC cleanup 361M->361M(512M), 0.0005112 secs]
2020-10-23T22:05:17.863-0800: [GC pause (G1 Evacuation Pause) (young) 413M->371M(512M), 0.0050309 secs]
2020-10-23T22:05:17.872-0800: [GC pause (G1 Evacuation Pause) (mixed) 395M->333M(512M), 0.0037769 secs]
2020-10-23T22:05:17.884-0800: [GC pause (G1 Evacuation Pause) (mixed) 360M->308M(512M), 0.0041601 secs]
2020-10-23T22:05:17.897-0800: [GC pause (G1 Evacuation Pause) (mixed) 332M->288M(512M), 0.0056014 secs]
#初始标记
2020-10-23T22:05:17.903-0800: [GC pause (G1 Humongous Allocation) (young) (initial-mark) 290M->288M(512M), 0.0013980 secs]
#根区扫描
2020-10-23T22:05:17.904-0800: [GC concurrent-root-region-scan-start]
2020-10-23T22:05:17.905-0800: [GC concurrent-root-region-scan-end, 0.0001057 secs]
#并发标记
2020-10-23T22:05:17.905-0800: [GC concurrent-mark-start]
2020-10-23T22:05:17.906-0800: [GC concurrent-mark-end, 0.0016535 secs]
#再次标记
2020-10-23T22:05:17.906-0800: [GC remark, 0.0022191 secs]
#清理
2020-10-23T22:05:17.909-0800: [GC cleanup 298M->298M(512M), 0.0005927 secs]
2020-10-23T22:05:17.931-0800: [GC pause (G1 Evacuation Pause) (young) 407M->330M(512M), 0.0062835 secs]
2020-10-23T22:05:17.941-0800: [GC pause (G1 Evacuation Pause) (mixed) 345M->309M(512M), 0.0069823 secs]
2020-10-23T22:05:17.948-0800: [GC pause (G1 Humongous Allocation) (young) (initial-mark) 309M->309M(512M), 0.0015771 secs]
2020-10-23T22:05:17.950-0800: [GC concurrent-root-region-scan-start]
2020-10-23T22:05:17.950-0800: [GC concurrent-root-region-scan-end, 0.0001512 secs]
2020-10-23T22:05:17.950-0800: [GC concurrent-mark-start]
2020-10-23T22:05:17.951-0800: [GC concurrent-mark-end, 0.0014775 secs]
2020-10-23T22:05:17.952-0800: [GC remark, 0.0013875 secs]
2020-10-23T22:05:17.953-0800: [GC cleanup 315M->315M(512M), 0.0005499 secs]
2020-10-23T22:05:17.975-0800: [GC pause (G1 Evacuation Pause) (young) 410M->332M(512M), 0.0052708 secs]
2020-10-23T22:05:17.984-0800: [GC pause (G1 Evacuation Pause) (mixed) 351M->313M(512M), 0.0077848 secs]
2020-10-23T22:05:17.992-0800: [GC pause (G1 Humongous Allocation) (young) (initial-mark) 314M->313M(512M), 0.0041279 secs]
2020-10-23T22:05:17.996-0800: [GC concurrent-root-region-scan-start]
2020-10-23T22:05:17.996-0800: [GC concurrent-root-region-scan-end, 0.0002763 secs]
2020-10-23T22:05:17.996-0800: [GC concurrent-mark-start]
2020-10-23T22:05:17.998-0800: [GC concurrent-mark-end, 0.0017013 secs]
2020-10-23T22:05:17.998-0800: [GC remark, 0.0022571 secs]
2020-10-23T22:05:18.001-0800: [GC cleanup 320M->320M(512M), 0.0005471 secs]
2020-10-23T22:05:18.020-0800: [GC pause (G1 Evacuation Pause) (young) 402M->334M(512M), 0.0115578 secs]
2020-10-23T22:05:18.034-0800: [GC pause (G1 Evacuation Pause) (mixed) 350M->320M(512M), 0.0070384 secs]
2020-10-23T22:05:18.041-0800: [GC pause (G1 Humongous Allocation) (young) (initial-mark) 321M->320M(512M), 0.0015008 secs]
2020-10-23T22:05:18.043-0800: [GC concurrent-root-region-scan-start]
2020-10-23T22:05:18.043-0800: [GC concurrent-root-region-scan-end, 0.0001171 secs]
2020-10-23T22:05:18.043-0800: [GC concurrent-mark-start]
2020-10-23T22:05:18.045-0800: [GC concurrent-mark-end, 0.0022323 secs]
2020-10-23T22:05:18.045-0800: [GC remark, 0.0026967 secs]
2020-10-23T22:05:18.048-0800: [GC cleanup 330M->330M(512M), 0.0004260 secs]
2020-10-23T22:05:18.067-0800: [GC pause (G1 Evacuation Pause) (young) 411M->345M(512M), 0.0051829 secs]
2020-10-23T22:05:18.076-0800: [GC pause (G1 Evacuation Pause) (mixed) 364M->329M(512M), 0.0059980 secs]
2020-10-23T22:05:18.082-0800: [GC pause (G1 Humongous Allocation) (young) (initial-mark) 330M->329M(512M), 0.0009143 secs]
2020-10-23T22:05:18.083-0800: [GC concurrent-root-region-scan-start]
2020-10-23T22:05:18.083-0800: [GC concurrent-root-region-scan-end, 0.0001480 secs]
2020-10-23T22:05:18.083-0800: [GC concurrent-mark-start]
2020-10-23T22:05:18.086-0800: [GC concurrent-mark-end, 0.0027298 secs]
2020-10-23T22:05:18.086-0800: [GC remark, 0.0026289 secs]
2020-10-23T22:05:18.089-0800: [GC cleanup 341M->341M(512M), 0.0008100 secs]
2020-10-23T22:05:18.101-0800: [GC pause (G1 Evacuation Pause) (young) 400M->354M(512M), 0.0040327 secs]
2020-10-23T22:05:18.109-0800: [GC pause (G1 Evacuation Pause) (mixed) 372M->338M(512M), 0.0072518 secs]
2020-10-23T22:05:18.117-0800: [GC pause (G1 Humongous Allocation) (young) (initial-mark) 340M->339M(512M), 0.0018332 secs]
2020-10-23T22:05:18.119-0800: [GC concurrent-root-region-scan-start]
2020-10-23T22:05:18.119-0800: [GC concurrent-root-region-scan-end, 0.0000931 secs]
2020-10-23T22:05:18.119-0800: [GC concurrent-mark-start]
2020-10-23T22:05:18.120-0800: [GC concurrent-mark-end, 0.0014539 secs]
2020-10-23T22:05:18.120-0800: [GC remark, 0.0022493 secs]
2020-10-23T22:05:18.123-0800: [GC cleanup 352M->352M(512M), 0.0005300 secs]
2020-10-23T22:05:18.132-0800: [GC pause (G1 Evacuation Pause) (young) 399M->354M(512M), 0.0044042 secs]
2020-10-23T22:05:18.141-0800: [GC pause (G1 Evacuation Pause) (mixed) 376M->343M(512M), 0.0083899 secs]
2020-10-23T22:05:18.149-0800: [GC pause (G1 Humongous Allocation) (young) (initial-mark) 343M->342M(512M), 0.0019872 secs]
2020-10-23T22:05:18.151-0800: [GC concurrent-root-region-scan-start]
2020-10-23T22:05:18.151-0800: [GC concurrent-root-region-scan-end, 0.0000206 secs]
2020-10-23T22:05:18.151-0800: [GC concurrent-mark-start]
2020-10-23T22:05:18.153-0800: [GC concurrent-mark-end, 0.0018252 secs]
2020-10-23T22:05:18.153-0800: [GC remark, 0.0029212 secs]
2020-10-23T22:05:18.157-0800: [GC cleanup 353M->353M(512M), 0.0005897 secs]
2020-10-23T22:05:18.165-0800: [GC pause (G1 Evacuation Pause) (young) 400M->365M(512M), 0.0037553 secs]
2020-10-23T22:05:18.174-0800: [GC pause (G1 Evacuation Pause) (mixed) 394M->354M(512M), 0.0077790 secs]
2020-10-23T22:05:18.182-0800: [GC pause (G1 Humongous Allocation) (young) (initial-mark) 357M->354M(512M), 0.0010381 secs]
2020-10-23T22:05:18.183-0800: [GC concurrent-root-region-scan-start]
2020-10-23T22:05:18.183-0800: [GC concurrent-root-region-scan-end, 0.0000905 secs]
2020-10-23T22:05:18.183-0800: [GC concurrent-mark-start]
2020-10-23T22:05:18.185-0800: [GC concurrent-mark-end, 0.0014105 secs]
2020-10-23T22:05:18.185-0800: [GC remark, 0.0019226 secs]
2020-10-23T22:05:18.187-0800: [GC cleanup 367M->367M(512M), 0.0004986 secs]
2020-10-23T22:05:18.195-0800: [GC pause (G1 Evacuation Pause) (young) 403M->368M(512M), 0.0041628 secs]
2020-10-23T22:05:18.203-0800: [GC pause (G1 Evacuation Pause) (mixed) 392M->353M(512M), 0.0058870 secs]
2020-10-23T22:05:18.209-0800: [GC pause (G1 Humongous Allocation) (young) (initial-mark) 354M->354M(512M), 0.0012254 secs]
2020-10-23T22:05:18.210-0800: [GC concurrent-root-region-scan-start]
2020-10-23T22:05:18.210-0800: [GC concurrent-root-region-scan-end, 0.0000350 secs]
2020-10-23T22:05:18.210-0800: [GC concurrent-mark-start]
2020-10-23T22:05:18.213-0800: [GC concurrent-mark-end, 0.0024412 secs]
2020-10-23T22:05:18.213-0800: [GC remark, 0.0018327 secs]
2020-10-23T22:05:18.215-0800: [GC cleanup 364M->364M(512M), 0.0004932 secs]
2020-10-23T22:05:18.219-0800: [GC pause (G1 Evacuation Pause) (young) 395M->368M(512M), 0.0033600 secs]
2020-10-23T22:05:18.227-0800: [GC pause (G1 Evacuation Pause) (mixed) 393M->363M(512M), 0.0063721 secs]
2020-10-23T22:05:18.234-0800: [GC pause (G1 Humongous Allocation) (young) (initial-mark) 365M->363M(512M), 0.0008200 secs]
2020-10-23T22:05:18.235-0800: [GC concurrent-root-region-scan-start]
2020-10-23T22:05:18.235-0800: [GC concurrent-root-region-scan-end, 0.0000294 secs]
2020-10-23T22:05:18.235-0800: [GC concurrent-mark-start]
2020-10-23T22:05:18.237-0800: [GC concurrent-mark-end, 0.0014737 secs]
2020-10-23T22:05:18.237-0800: [GC remark, 0.0028070 secs]
2020-10-23T22:05:18.240-0800: [GC cleanup 375M->375M(512M), 0.0005628 secs]
2020-10-23T22:05:18.244-0800: [GC pause (G1 Evacuation Pause) (young) 398M->374M(512M), 0.0037301 secs]
2020-10-23T22:05:18.251-0800: [GC pause (G1 Evacuation Pause) (mixed) 399M->363M(512M), 0.0086938 secs]
2020-10-23T22:05:18.260-0800: [GC pause (G1 Humongous Allocation) (young) (initial-mark) 365M->363M(512M), 0.0023233 secs]
2020-10-23T22:05:18.263-0800: [GC concurrent-root-region-scan-start]
2020-10-23T22:05:18.263-0800: [GC concurrent-root-region-scan-end, 0.0000349 secs]
2020-10-23T22:05:18.263-0800: [GC concurrent-mark-start]
2020-10-23T22:05:18.265-0800: [GC concurrent-mark-end, 0.0024471 secs]
2020-10-23T22:05:18.266-0800: [GC remark, 0.0029711 secs]
2020-10-23T22:05:18.269-0800: [GC cleanup 373M->373M(512M), 0.0005801 secs]
2020-10-23T22:05:18.274-0800: [GC pause (G1 Evacuation Pause) (young) 394M->370M(512M), 0.0028791 secs]
2020-10-23T22:05:18.282-0800: [GC pause (G1 Evacuation Pause) (mixed) 395M->363M(512M), 0.0036080 secs]
2020-10-23T22:05:18.286-0800: [GC pause (G1 Humongous Allocation) (young) (initial-mark) 366M->364M(512M), 0.0009990 secs]
2020-10-23T22:05:18.287-0800: [GC concurrent-root-region-scan-start]
2020-10-23T22:05:18.287-0800: [GC concurrent-root-region-scan-end, 0.0001006 secs]
2020-10-23T22:05:18.287-0800: [GC concurrent-mark-start]
2020-10-23T22:05:18.288-0800: [GC concurrent-mark-end, 0.0014487 secs]
2020-10-23T22:05:18.288-0800: [GC remark, 0.0037841 secs]
2020-10-23T22:05:18.293-0800: [GC cleanup 380M->380M(512M), 0.0005636 secs]
2020-10-23T22:05:18.297-0800: [GC pause (G1 Evacuation Pause) (young) 401M->377M(512M), 0.0034342 secs]
2020-10-23T22:05:18.303-0800: [GC pause (G1 Evacuation Pause) (mixed) 402M->370M(512M), 0.0058686 secs]
2020-10-23T22:05:18.310-0800: [GC pause (G1 Humongous Allocation) (young) (initial-mark) 372M->370M(512M), 0.0020400 secs]
2020-10-23T22:05:18.312-0800: [GC concurrent-root-region-scan-start]
2020-10-23T22:05:18.312-0800: [GC concurrent-root-region-scan-end, 0.0002724 secs]
2020-10-23T22:05:18.312-0800: [GC concurrent-mark-start]
2020-10-23T22:05:18.315-0800: [GC concurrent-mark-end, 0.0023095 secs]
2020-10-23T22:05:18.315-0800: [GC remark, 0.0016354 secs]
2020-10-23T22:05:18.317-0800: [GC cleanup 381M->381M(512M), 0.0004045 secs]
2020-10-23T22:05:18.320-0800: [GC pause (G1 Evacuation Pause) (young) 404M->382M(512M), 0.0044844 secs]
2020-10-23T22:05:18.330-0800: [GC pause (G1 Evacuation Pause) (mixed) 411M->375M(512M), 0.0069517 secs]
2020-10-23T22:05:18.337-0800: [GC pause (G1 Humongous Allocation) (young) (initial-mark) 375M->375M(512M), 0.0028215 secs]
2020-10-23T22:05:18.340-0800: [GC concurrent-root-region-scan-start]
2020-10-23T22:05:18.340-0800: [GC concurrent-root-region-scan-end, 0.0000259 secs]
2020-10-23T22:05:18.340-0800: [GC concurrent-mark-start]
2020-10-23T22:05:18.342-0800: [GC concurrent-mark-end, 0.0023154 secs]
2020-10-23T22:05:18.342-0800: [GC remark, 0.0027544 secs]
2020-10-23T22:05:18.345-0800: [GC cleanup 389M->389M(512M), 0.0008937 secs]
2020-10-23T22:05:18.350-0800: [GC pause (G1 Evacuation Pause) (young) 408M->384M(512M), 0.0021079 secs]
2020-10-23T22:05:18.356-0800: [GC pause (G1 Evacuation Pause) (mixed) 412M->382M(512M), 0.0079412 secs]
执行结束!共生成对象次数:8111
```

###1g
```
java -XX:+PrintGC -XX:+PrintGCDateStamps -Xmx1g -Xms1g -XX:+UseG1GC GCLogAnalysis
正在执行...
2020-10-23T22:06:09.790-0800: [GC pause (G1 Evacuation Pause) (young) 58M->21M(1024M), 0.0074947 secs]
2020-10-23T22:06:09.820-0800: [GC pause (G1 Evacuation Pause) (young) 79M->43M(1024M), 0.0070229 secs]
2020-10-23T22:06:09.859-0800: [GC pause (G1 Evacuation Pause) (young) 109M->69M(1024M), 0.0110756 secs]
2020-10-23T22:06:09.886-0800: [GC pause (G1 Evacuation Pause) (young) 127M->88M(1024M), 0.0052905 secs]
2020-10-23T22:06:09.906-0800: [GC pause (G1 Evacuation Pause) (young) 151M->109M(1024M), 0.0105161 secs]
2020-10-23T22:06:09.942-0800: [GC pause (G1 Evacuation Pause) (young) 189M->134M(1024M), 0.0121491 secs]
2020-10-23T22:06:10.006-0800: [GC pause (G1 Evacuation Pause) (young) 259M->166M(1024M), 0.0128097 secs]
2020-10-23T22:06:10.130-0800: [GC pause (G1 Evacuation Pause) (young) 432M->241M(1024M), 0.0250009 secs]
2020-10-23T22:06:10.188-0800: [GC pause (G1 Evacuation Pause) (young) 370M->274M(1024M), 0.0130111 secs]
2020-10-23T22:06:10.262-0800: [GC pause (G1 Evacuation Pause) (young) 480M->329M(1024M), 0.0123261 secs]
2020-10-23T22:06:10.324-0800: [GC pause (G1 Evacuation Pause) (young) 572M->388M(1024M), 0.0204618 secs]
2020-10-23T22:06:10.377-0800: [GC pause (G1 Humongous Allocation) (young) (initial-mark) 535M->418M(1024M), 0.0124659 secs]
2020-10-23T22:06:10.389-0800: [GC concurrent-root-region-scan-start]
2020-10-23T22:06:10.389-0800: [GC concurrent-root-region-scan-end, 0.0001903 secs]
2020-10-23T22:06:10.389-0800: [GC concurrent-mark-start]
2020-10-23T22:06:10.395-0800: [GC concurrent-mark-end, 0.0052996 secs]
2020-10-23T22:06:10.395-0800: [GC remark, 0.0019639 secs]
2020-10-23T22:06:10.398-0800: [GC cleanup 432M->422M(1024M), 0.0011332 secs]
2020-10-23T22:06:10.399-0800: [GC concurrent-cleanup-start]
2020-10-23T22:06:10.399-0800: [GC concurrent-cleanup-end, 0.0000390 secs]
2020-10-23T22:06:10.512-0800: [GC pause (G1 Evacuation Pause) (young) 771M->482M(1024M), 0.0317451 secs]
2020-10-23T22:06:10.546-0800: [GC pause (G1 Evacuation Pause) (mixed) 496M->408M(1024M), 0.0137527 secs]
2020-10-23T22:06:10.561-0800: [GC pause (G1 Humongous Allocation) (young) (initial-mark) 411M->410M(1024M), 0.0018057 secs]
2020-10-23T22:06:10.563-0800: [GC concurrent-root-region-scan-start]
2020-10-23T22:06:10.563-0800: [GC concurrent-root-region-scan-end, 0.0001197 secs]
2020-10-23T22:06:10.563-0800: [GC concurrent-mark-start]
2020-10-23T22:06:10.565-0800: [GC concurrent-mark-end, 0.0021984 secs]
2020-10-23T22:06:10.566-0800: [GC remark, 0.0033547 secs]
2020-10-23T22:06:10.570-0800: [GC cleanup 423M->417M(1024M), 0.0009523 secs]
2020-10-23T22:06:10.571-0800: [GC concurrent-cleanup-start]
2020-10-23T22:06:10.571-0800: [GC concurrent-cleanup-end, 0.0000231 secs]
2020-10-23T22:06:10.660-0800: [GC pause (G1 Evacuation Pause) (young)-- 829M->583M(1024M), 0.0212592 secs]
2020-10-23T22:06:10.683-0800: [GC pause (G1 Evacuation Pause) (mixed) 597M->542M(1024M), 0.0091523 secs]
2020-10-23T22:06:10.694-0800: [GC pause (G1 Humongous Allocation) (young) (initial-mark) 545M->543M(1024M), 0.0014317 secs]
2020-10-23T22:06:10.695-0800: [GC concurrent-root-region-scan-start]
2020-10-23T22:06:10.695-0800: [GC concurrent-root-region-scan-end, 0.0001059 secs]
2020-10-23T22:06:10.695-0800: [GC concurrent-mark-start]
2020-10-23T22:06:10.698-0800: [GC concurrent-mark-end, 0.0026293 secs]
2020-10-23T22:06:10.698-0800: [GC remark, 0.0026255 secs]
2020-10-23T22:06:10.701-0800: [GC cleanup 561M->556M(1024M), 0.0008362 secs]
2020-10-23T22:06:10.701-0800: [GC concurrent-cleanup-start]
2020-10-23T22:06:10.701-0800: [GC concurrent-cleanup-end, 0.0000252 secs]
执行结束!共生成对象次数:9072
```
###2g
```
java -XX:+PrintGC -XX:+PrintGCDateStamps -Xmx2g -Xms2g -XX:+UseG1GC GCLogAnalysis

正在执行...
2020-10-24T13:53:34.864-0800: [GC pause (G1 Evacuation Pause) (young) 124M->46M(2048M), 0.0140481 secs]
2020-10-24T13:53:34.914-0800: [GC pause (G1 Evacuation Pause) (young) 159M->78M(2048M), 0.0149728 secs]
2020-10-24T13:53:34.959-0800: [GC pause (G1 Evacuation Pause) (young) 186M->116M(2048M), 0.0107738 secs]
2020-10-24T13:53:35.000-0800: [GC pause (G1 Evacuation Pause) (young) 231M->152M(2048M), 0.0101855 secs]
2020-10-24T13:53:35.049-0800: [GC pause (G1 Evacuation Pause) (young) 268M->194M(2048M), 0.0154810 secs]
2020-10-24T13:53:35.093-0800: [GC pause (G1 Evacuation Pause) (young) 305M->224M(2048M), 0.0127594 secs]
2020-10-24T13:53:35.138-0800: [GC pause (G1 Evacuation Pause) (young) 340M->266M(2048M), 0.0126624 secs]
2020-10-24T13:53:35.200-0800: [GC pause (G1 Evacuation Pause) (young) 424M->309M(2048M), 0.0220389 secs]
2020-10-24T13:53:35.262-0800: [GC pause (G1 Evacuation Pause) (young) 470M->351M(2048M), 0.0147748 secs]
2020-10-24T13:53:35.326-0800: [GC pause (G1 Evacuation Pause) (young) 539M->397M(2048M), 0.0190667 secs]
2020-10-24T13:53:35.397-0800: [GC pause (G1 Evacuation Pause) (young) 609M->450M(2048M), 0.0258445 secs]
2020-10-24T13:53:35.582-0800: [GC pause (G1 Evacuation Pause) (young) 899M->551M(2048M), 0.0426317 secs]
2020-10-24T13:53:35.677-0800: [GC pause (G1 Evacuation Pause) (young) 814M->599M(2048M), 0.0176009 secs]
2020-10-24T13:53:35.767-0800: [GC pause (G1 Evacuation Pause) (young) 936M->667M(2048M), 0.0251762 secs]
执行结束!共生成对象次数:9357
```
###4g
```
java -XX:+PrintGC -XX:+PrintGCDateStamps -Xmx4g -Xms4g -XX:+UseG1GC GCLogAnalysis

正在执行...
2020-10-24T13:54:28.616-0800: [GC pause (G1 Evacuation Pause) (young) 204M->73M(4096M), 0.0284548 secs]
2020-10-24T13:54:28.681-0800: [GC pause (G1 Evacuation Pause) (young) 251M->129M(4096M), 0.0245346 secs]
2020-10-24T13:54:28.735-0800: [GC pause (G1 Evacuation Pause) (young) 307M->188M(4096M), 0.0298703 secs]
2020-10-24T13:54:28.797-0800: [GC pause (G1 Evacuation Pause) (young) 366M->241M(4096M), 0.0220253 secs]
2020-10-24T13:54:28.850-0800: [GC pause (G1 Evacuation Pause) (young) 419M->300M(4096M), 0.0282492 secs]
2020-10-24T13:54:28.909-0800: [GC pause (G1 Evacuation Pause) (young) 478M->359M(4096M), 0.0231931 secs]
2020-10-24T13:54:28.966-0800: [GC pause (G1 Evacuation Pause) (young) 537M->411M(4096M), 0.0215605 secs]
2020-10-24T13:54:29.022-0800: [GC pause (G1 Evacuation Pause) (young) 589M->471M(4096M), 0.0240353 secs]
2020-10-24T13:54:29.081-0800: [GC pause (G1 Evacuation Pause) (young) 649M->527M(4096M), 0.0223800 secs]
2020-10-24T13:54:29.135-0800: [GC pause (G1 Evacuation Pause) (young) 709M->583M(4096M), 0.0299566 secs]
2020-10-24T13:54:29.212-0800: [GC pause (G1 Evacuation Pause) (young) 819M->651M(4096M), 0.0326169 secs]
2020-10-24T13:54:29.310-0800: [GC pause (G1 Evacuation Pause) (young) 959M->752M(4096M), 0.0455024 secs]
2020-10-24T13:54:29.400-0800: [GC pause (G1 Evacuation Pause) (young) 1046M->840M(4096M), 0.0367439 secs]
执行结束!共生成对象次数:10639
```